usbd_conf.c:95:6:HAL_PCD_MspInit	24	static
usbd_conf.c:114:6:HAL_PCD_MspDeInit	16	static
usbd_conf.c:138:6:HAL_PCD_SetupStageCallback	16	static
usbd_conf.c:149:6:HAL_PCD_DataOutStageCallback	24	static
usbd_conf.c:160:6:HAL_PCD_DataInStageCallback	16	static
usbd_conf.c:170:6:HAL_PCD_SOFCallback	16	static
usbd_conf.c:180:6:HAL_PCD_ResetCallback	24	static
usbd_conf.c:207:6:HAL_PCD_SuspendCallback	16	static
usbd_conf.c:227:6:HAL_PCD_ResumeCallback	16	static
usbd_conf.c:246:6:HAL_PCD_ISOOUTIncompleteCallback	16	static
usbd_conf.c:257:6:HAL_PCD_ISOINIncompleteCallback	16	static
usbd_conf.c:267:6:HAL_PCD_ConnectCallback	16	static
usbd_conf.c:277:6:HAL_PCD_DisconnectCallback	16	static
usbd_conf.c:291:20:USBD_LL_Init	16	static
usbd_conf.c:324:20:USBD_LL_DeInit	32	static
usbd_conf.c:356:20:USBD_LL_Start	32	static
usbd_conf.c:388:20:USBD_LL_Stop	32	static
usbd_conf.c:423:20:USBD_LL_OpenEP	32	static
usbd_conf.c:456:20:USBD_LL_CloseEP	32	static
usbd_conf.c:489:20:USBD_LL_FlushEP	32	static
usbd_conf.c:522:20:USBD_LL_StallEP	32	static
usbd_conf.c:555:20:USBD_LL_ClearStallEP	32	static
usbd_conf.c:588:9:USBD_LL_IsStallEP	24	static
usbd_conf.c:608:20:USBD_LL_SetUSBAddress	32	static
usbd_conf.c:643:20:USBD_LL_Transmit	40	static
usbd_conf.c:678:20:USBD_LL_PrepareReceive	40	static
usbd_conf.c:711:10:USBD_LL_GetRxDataSize	16	static
usbd_conf.c:721:6:USBD_LL_Delay	16	static
usbd_conf.c:731:7:USBD_static_malloc	16	static
usbd_conf.c:742:6:USBD_static_free	16	static
usbd_conf.c:753:13:SystemClockConfig_Resume	8	static
usbd_conf.c:765:6:HAL_PCDEx_SetConnectionState	16	static
